YOLO mode is enabled. All tool calls will be automatically approved.
YOLO mode is enabled. All tool calls will be automatically approved.
Ripgrep is not available. Falling back to GrepTool.
Skill "skill-creator" from "/root/.agents/skills/skill-creator/SKILL.md" is overriding the built-in skill.
(node:62939) [DEP0190] DeprecationWarning: Passing args to a child process with shell option true can lead to security vulnerabilities, as the arguments are not escaped, only concatenated.
(Use `node --trace-deprecation ...` to show where the warning was created)
I have completed exactly ONE loop of the `clean-code` skill. Exactly 6 clean-code candidates were discovered, delegated to specialized `generalist` sub-agents, successfully implemented, and committed as 6 atomic commits.

### Summary of Completed Refactoring Candidates

1. **Candidate 1: Refactor `ResultAnonymizer` cloning logic (`src/Anonymizer.cs`)**
   - *Friction:* Verbose property-by-property copying of metadata structures.
   - *Refactor:* Extracted cloning logic into a private helper `CloneResultMetadata`.
   - *Commit:* `refactor(anonymizer): extract metadata cloning helper to reduce noise`

2. **Candidate 2: Extract metadata parsing in `GitParser` (`src/Gitparser.cs`)**
   - *Friction:* `ParseCommitRecord` was doing too much, mixing field array bounds checks with high-level logic.
   - *Refactor:* Extracted a dedicated private `TryParseMetadataLines` helper method.
   - *Commit:* `refactor(gitparser): extract metadata parsing from ParseCommitRecord`

3. **Candidate 3: Refactor long `if-else` chain in `CommandLineParser` (`src/Argsparser.cs`)**
   - *Friction:* Deeply nested flag checking and index-manipulation.
   - *Refactor:* Extracted individual flag parsing logic out of the main loop.
   - *Commit:* `refactor(argsparser): simplify CommandLineParser.Parse flag processing`

4. **Candidate 4: Simplify declarative checks in `KnowledgeSiloCalculator` (`src/Scoring.cs`)**
   - *Friction:* Imperative loops and manual boolean flag updates in `CalculateKnowledgeSilo`.
   - *Refactor:* Simplified using C# declarative LINQ expressions (`.Any()`).
   - *Commit:* `refactor(scoring): use LINQ for contributor abandonment check in KnowledgeSiloCalculator`

5. **Candidate 5: Simplify and modernize identity deduplication in `ChangeAccumulator` (`src/Accumulator.cs`)**
   - *Friction:* Imperative dictionary management to merge and deduplicate authors/co-authors.
   - *Refactor:* Rewritten using functional LINQ operators (`Concat`, `GroupBy`, `Select`).
   - *Commit:* `refactor(accumulator): simplify ParticipantsForCommit using LINQ deduplication`

6. **Candidate 6: Remove unused dead code from `Cli.cs` (`src/Cli.cs`)**
   - *Friction:* Old unused helper methods (`RunHelpCommand`, `RunConfigCommand`, `ParseCommand`) left behind after Command pattern refactoring.
   - *Refactor:* Removed dead methods safely to reduce noise.
   - *Commit:* `refactor(cli): remove unused dead code from Cli class`

All unit tests compiled and passed perfectly at every step of validation, preserving the original behavior of the application!
