YOLO mode is enabled. All tool calls will be automatically approved.
YOLO mode is enabled. All tool calls will be automatically approved.
Ripgrep is not available. Falling back to GrepTool.
Skill "skill-creator" from "/root/.agents/skills/skill-creator/SKILL.md" is overriding the built-in skill.
(node:70465) [DEP0190] DeprecationWarning: Passing args to a child process with shell option true can lead to security vulnerabilities, as the arguments are not escaped, only concatenated.
(Use `node --trace-deprecation ...` to show where the warning was created)
I have successfully completed exactly one loop of the `clean-code` skill. Exactly 6 clean-code candidates were gathered and sequentially delegated to `generalist` sub-agents for implementation and verification. All changes were committed atomically, and all 98 tests pass successfully.

### Completed Refactoring Candidates

1. **Bot Warning Logic** (`src/Warnings.cs` - Commit `1085c42`):
   - *Friction*: Duplication of fallback extraction logic across multiple rules.
   - *Refactor*: Extracted standard properties `SafeConfiguredBotCount` and `SafeAutomationMetrics` onto `WarningContext`.

2. **Anonymizer Map Helpers** (`src/Anonymizer.cs` - Commit `1c1f5ec`):
   - *Friction*: Inline instantiation boilerplate and duplicated mapping.
   - *Refactor*: Created reusable mapping methods (`MapToContributorShare`, `MapToContributorMetric`, `MapToAutomationMetric`, and `CloneAreas`).

3. **Noreply Username Parsing** (`src/Identity.cs` - Commit `ab6b67e`):
   - *Friction*: Low-level string manipulation obscuring intent.
   - *Refactor*: Modernized parsing logic using robust idiomatic indexing and range slicing.

4. **Parents List Splitting** (`src/Gitparser.cs` - Commit `1701305`):
   - *Friction*: Mixed concerns and low-level parsing inside `ParseCommitRecord`.
   - *Refactor*: Cleaned up string splits and extracted parents line parsing to a static `ParseParents` helper.

5. **Config Value Conversion** (`src/Configvalidator.cs` - Commit `ba390be`):
   - *Friction*: Repetitive sequential type checking block inside `ConvertToDouble`.
   - *Refactor*: Rewrote using a declarative C# pattern-matching switch expression.

6. **File Stats Stream Analysis** (`src/Filestats.cs` - Commit `7c1d76c`):
   - *Friction*: High cognitive load from 8 levels of nested conditionals and using blocks.
   - *Refactor*: Extracted stream parsing details to `AnalyzeFileContentAsync` to reduce nesting down to a maximum of 4 levels.
