YOLO mode is enabled. All tool calls will be automatically approved.
YOLO mode is enabled. All tool calls will be automatically approved.
Ripgrep is not available. Falling back to GrepTool.
Skill "skill-creator" from "/root/.agents/skills/skill-creator/SKILL.md" is overriding the built-in skill.
(node:49095) [DEP0190] DeprecationWarning: Passing args to a child process with shell option true can lead to security vulnerabilities, as the arguments are not escaped, only concatenated.
(Use `node --trace-deprecation ...` to show where the warning was created)
I have successfully completed exactly one loop of the `clean-code` skill.

### Summary of the 6 Refactoring Candidates Implemented

1. **Candidate 1 (`src/Identity.cs`):** 
   - **Refactor:** Replaced 13 sequential, repetitive `value.Contains(...)` calls with a loop over a static string array (`DefaultBotKeywords`), significantly reducing visual noise and cognitive load.
   - **Commit:** `refactor(identity): simplify default bot heuristics`

2. **Candidate 2 (`src/Pathutils.cs`):** 
   - **Refactor:** Added a thread-safe `ConcurrentDictionary<string, Regex>` cache in `GlobToRegExp` to avoid repeatedly recompiling the same regex pattern, greatly improving matching performance.
   - **Commit:** `performance(pathutils): cache compiled regexes in GlobToRegExp`

3. **Candidate 3 (`src/Tablebuilder.cs`):** 
   - **Refactor:** Converted the local delegate `Func<List<string>, string> formatRow` inside the `Render()` method to an idiomatic C# local function `FormatRow`, preventing delegate/closure allocations and cleaning up visual noise.
   - **Commit:** `refactor(tablebuilder): convert formatRow delegate to local function`

4. **Candidate 4 (`src/Argsparser.cs`):** 
   - **Refactor:** Converted the local delegate `Func<string, int, string> consumeValue` inside the `Parse()` method to a clean C# local function `ConsumeValue` to avoid delegate allocations.
   - **Commit:** `refactor(argsparser): convert consumeValue delegate to local function`

5. **Candidate 5 (`src/Exclusions.cs`):** 
   - **Refactor:** Eliminated redundant static hashsets (`LockFiles`, `BinaryImageExtensions`, `DirectoryExcludes`) that were duplicated across both the `Exclusions` and `PathClassifier` classes inside the same file, centralizing them inside `Exclusions`.
   - **Commit:** `refactor(exclusions): remove duplicate static collection definitions`

6. **Candidate 6 (`src/Gitgraph.cs`):** 
   - **Refactor:** Simplified manual `if (!hashSet.Contains(item)) { hashSet.Add(item); }` structures inside `GetAncestors` and `GetBranchCommits` to use the idiomatic boolean return value of `HashSet<T>.Add`, removing redundant lookups.
   - **Commit:** `refactor(gitgraph): use idiomatic HashSet.Add return value to simplify checks`

All changes have been verified using the test suite (`dotnet test`), staged, and successfully committed atomically.
